// Jest Snapshot v1, https://goo.gl/fbAQLP

exports[`Comp should render 1`] = `
HTMLCollection [
  <div>
    Hello World
  </div>,
]
`;
